Loading svelte-check in workspace: p:\Projects\golden-image\_offline\GoldenImager2
Getting Svelte diagnostics...

p:\Projects\golden-image\_offline\GoldenImager2\[32msrc\lib\Dashboard.svelte[39m:888:3
[33mWarn[39m: Unused CSS selector ".glow-icon"
https://svelte.dev/e/css_unused_selector (svelte)
[36m
  [35m.glow-icon[36m {
    color: var(--accent-color);[39m

p:\Projects\golden-image\_offline\GoldenImager2\[32msrc\lib\Dashboard.svelte[39m:1193:3
[33mWarn[39m: Unused CSS selector ".spin"
https://svelte.dev/e/css_unused_selector (svelte)
[36m  
  [35m.spin[36m { 
    animation: spin 1s linear infinite;[39m

p:\Projects\golden-image\_offline\GoldenImager2\[32msrc\lib\Apps.svelte[39m:90:3
[33mWarn[39m: Visible, non-interactive elements with a click event must be accompanied by a keyboard event handler. Consider whether an interactive element such as `<button type="button">` or `<a>` might be more appropriate
https://svelte.dev/e/a11y_click_events_have_key_events (svelte)
[36m{#if showSaveModal}
  [35m<div class="modal-overlay" onclick={() => (showSaveModal = false)}>
    <div class="modal-content" onclick={(e) => e.stopPropagation()}>
      <div class="modal-header">
        <h3>Save Profile</h3>
        <button class="close-lite" onclick={() => (showSaveModal = false)}><X size={16} /></button>
      </div>
      <div class="modal-body">
        <p>Enter a unique name to store the current selection.</p>
        <input
          type="text"
          bind:value={saveName}
          placeholder="e.g. Minimalist-Build"
          class="modal-input"
          onkeydown={(e) => e.key === "Enter" && engine.saveProfile(saveName).then(() => showSaveModal = false)}
        />
      </div>
      <div class="modal-footer">
        <button class="modal-btn cancel" onclick={() => (showSaveModal = false)}>Cancel</button>
        <button class="modal-btn confirm" onclick={() => engine.saveProfile(saveName).then(() => showSaveModal = false)}>Save Profile</button>
      </div>
    </div>
  </div>[36m
{/if}[39m

p:\Projects\golden-image\_offline\GoldenImager2\[32msrc\lib\Apps.svelte[39m:90:3
[33mWarn[39m: `<div>` with a click handler must have an ARIA role
https://svelte.dev/e/a11y_no_static_element_interactions (svelte)
[36m{#if showSaveModal}
  [35m<div class="modal-overlay" onclick={() => (showSaveModal = false)}>
    <div class="modal-content" onclick={(e) => e.stopPropagation()}>
      <div class="modal-header">
        <h3>Save Profile</h3>
        <button class="close-lite" onclick={() => (showSaveModal = false)}><X size={16} /></button>
      </div>
      <div class="modal-body">
        <p>Enter a unique name to store the current selection.</p>
        <input
          type="text"
          bind:value={saveName}
          placeholder="e.g. Minimalist-Build"
          class="modal-input"
          onkeydown={(e) => e.key === "Enter" && engine.saveProfile(saveName).then(() => showSaveModal = false)}
        />
      </div>
      <div class="modal-footer">
        <button class="modal-btn cancel" onclick={() => (showSaveModal = false)}>Cancel</button>
        <button class="modal-btn confirm" onclick={() => engine.saveProfile(saveName).then(() => showSaveModal = false)}>Save Profile</button>
      </div>
    </div>
  </div>[36m
{/if}[39m

p:\Projects\golden-image\_offline\GoldenImager2\[32msrc\lib\Apps.svelte[39m:91:5
[33mWarn[39m: Visible, non-interactive elements with a click event must be accompanied by a keyboard event handler. Consider whether an interactive element such as `<button type="button">` or `<a>` might be more appropriate
https://svelte.dev/e/a11y_click_events_have_key_events (svelte)
[36m  <div class="modal-overlay" onclick={() => (showSaveModal = false)}>
    [35m<div class="modal-content" onclick={(e) => e.stopPropagation()}>
      <div class="modal-header">
        <h3>Save Profile</h3>
        <button class="close-lite" onclick={() => (showSaveModal = false)}><X size={16} /></button>
      </div>
      <div class="modal-body">
        <p>Enter a unique name to store the current selection.</p>
        <input
          type="text"
          bind:value={saveName}
          placeholder="e.g. Minimalist-Build"
          class="modal-input"
          onkeydown={(e) => e.key === "Enter" && engine.saveProfile(saveName).then(() => showSaveModal = false)}
        />
      </div>
      <div class="modal-footer">
        <button class="modal-btn cancel" onclick={() => (showSaveModal = false)}>Cancel</button>
        <button class="modal-btn confirm" onclick={() => engine.saveProfile(saveName).then(() => showSaveModal = false)}>Save Profile</button>
      </div>
    </div>[36m
  </div>[39m

p:\Projects\golden-image\_offline\GoldenImager2\[32msrc\lib\Apps.svelte[39m:91:5
[33mWarn[39m: `<div>` with a click handler must have an ARIA role
https://svelte.dev/e/a11y_no_static_element_interactions (svelte)
[36m  <div class="modal-overlay" onclick={() => (showSaveModal = false)}>
    [35m<div class="modal-content" onclick={(e) => e.stopPropagation()}>
      <div class="modal-header">
        <h3>Save Profile</h3>
        <button class="close-lite" onclick={() => (showSaveModal = false)}><X size={16} /></button>
      </div>
      <div class="modal-body">
        <p>Enter a unique name to store the current selection.</p>
        <input
          type="text"
          bind:value={saveName}
          placeholder="e.g. Minimalist-Build"
          class="modal-input"
          onkeydown={(e) => e.key === "Enter" && engine.saveProfile(saveName).then(() => showSaveModal = false)}
        />
      </div>
      <div class="modal-footer">
        <button class="modal-btn cancel" onclick={() => (showSaveModal = false)}>Cancel</button>
        <button class="modal-btn confirm" onclick={() => engine.saveProfile(saveName).then(() => showSaveModal = false)}>Save Profile</button>
      </div>
    </div>[36m
  </div>[39m

p:\Projects\golden-image\_offline\GoldenImager2\[32msrc\lib\Apps.svelte[39m:239:3
[33mWarn[39m: Unused CSS selector ".dim"
https://svelte.dev/e/css_unused_selector (svelte)
[36m
  [35m.dim[36m { opacity: 0.3; }[39m

p:\Projects\golden-image\_offline\GoldenImager2\[32msrc\lib\Orchestrator.svelte[39m:49:7
[31mError[39m: Type 'HTMLElement | undefined' is not assignable to type 'HTMLElement'.
  Type 'undefined' is not assignable to type 'HTMLElement'. (ts)
[36m  let processing = $state(false);
  let [35mlogEnd[36m: HTMLElement = $state();[39m

====================================
[31msvelte-check found 1 error and 7 warnings in 3 files
[39m
